2025-10-30 17:04:01,674 INFO o.a.j.u.JMeterUtils: Setting Locale to en_US
2025-10-30 17:04:01,695 INFO o.a.j.JMeter: Loading user properties from: /home/moolya/Applications/apache-jmeter-5.6.3/bin/user.properties
2025-10-30 17:04:01,696 INFO o.a.j.JMeter: Loading system properties from: /home/moolya/Applications/apache-jmeter-5.6.3/bin/system.properties
2025-10-30 17:04:01,702 INFO o.a.j.JMeter: Copyright (c) 1998-2024 The Apache Software Foundation
2025-10-30 17:04:01,702 INFO o.a.j.JMeter: Version 5.6.3
2025-10-30 17:04:01,702 INFO o.a.j.JMeter: java.version=21.0.8
2025-10-30 17:04:01,702 INFO o.a.j.JMeter: java.vm.name=OpenJDK 64-Bit Server VM
2025-10-30 17:04:01,702 INFO o.a.j.JMeter: os.name=Linux
2025-10-30 17:04:01,702 INFO o.a.j.JMeter: os.arch=amd64
2025-10-30 17:04:01,702 INFO o.a.j.JMeter: os.version=6.14.0-33-generic
2025-10-30 17:04:01,702 INFO o.a.j.JMeter: file.encoding=UTF-8
2025-10-30 17:04:01,703 INFO o.a.j.JMeter: java.awt.headless=true
2025-10-30 17:04:01,703 INFO o.a.j.JMeter: Max memory     =4110417920
2025-10-30 17:04:01,703 INFO o.a.j.JMeter: Available Processors =8
2025-10-30 17:04:01,711 INFO o.a.j.JMeter: Default Locale=English (United States)
2025-10-30 17:04:01,711 INFO o.a.j.JMeter: JMeter  Locale=English (United States)
2025-10-30 17:04:01,711 INFO o.a.j.JMeter: JMeterHome=/home/moolya/Applications/apache-jmeter-5.6.3
2025-10-30 17:04:01,711 INFO o.a.j.JMeter: user.dir  =/home/moolya/Documents/eGov/Performance-Scripts/mSeva
2025-10-30 17:04:01,711 INFO o.a.j.JMeter: PWD       =/home/moolya/Documents/eGov/Performance-Scripts/mSeva
2025-10-30 17:04:01,738 INFO o.a.j.JMeter: IP: 192.168.1.49 Name: Gurjeet-Moolya FullName: Gurjeet-Moolya
2025-10-30 17:04:01,758 INFO o.a.j.JMeter: Setting property 'jmeter.reportgenerator.outputdir' to:'/home/moolya/Documents/eGov/Performance-Scripts/mSeva/./ReportsFolder'
2025-10-30 17:04:01,763 INFO o.a.j.s.FileServer: Default base='/home/moolya/Documents/eGov/Performance-Scripts/mSeva'
2025-10-30 17:04:01,767 INFO o.a.j.s.FileServer: Set new base='/home/moolya/Documents/eGov/Performance-Scripts/mSeva/.'
2025-10-30 17:04:01,953 INFO o.a.j.s.SaveService: Testplan (JMX) version: 2.2. Testlog (JTL) version: 2.2
2025-10-30 17:04:01,980 INFO o.a.j.s.SaveService: Using SaveService properties version 5.0
2025-10-30 17:04:01,983 INFO o.a.j.s.SaveService: Using SaveService properties file encoding UTF-8
2025-10-30 17:04:01,986 INFO o.a.j.s.SaveService: Loading file: ./PGR (UD).jmx
2025-10-30 17:04:02,156 INFO o.a.j.e.KeyToolUtils: keytool found at 'keytool'
2025-10-30 17:04:02,157 INFO o.a.j.p.h.p.ProxyControl: HTTP(S) Test Script Recorder SSL Proxy will use keys that support embedded 3rd party resources in file /home/moolya/Applications/apache-jmeter-5.6.3/bin/proxyserver.jks
2025-10-30 17:04:02,216 INFO o.a.j.p.h.s.HTTPSamplerBase: Parser for text/html is org.apache.jmeter.protocol.http.parser.LagartoBasedHtmlParser
2025-10-30 17:04:02,216 INFO o.a.j.p.h.s.HTTPSamplerBase: Parser for application/xhtml+xml is org.apache.jmeter.protocol.http.parser.LagartoBasedHtmlParser
2025-10-30 17:04:02,216 INFO o.a.j.p.h.s.HTTPSamplerBase: Parser for application/xml is org.apache.jmeter.protocol.http.parser.LagartoBasedHtmlParser
2025-10-30 17:04:02,216 INFO o.a.j.p.h.s.HTTPSamplerBase: Parser for text/xml is org.apache.jmeter.protocol.http.parser.LagartoBasedHtmlParser
2025-10-30 17:04:02,216 INFO o.a.j.p.h.s.HTTPSamplerBase: Parser for text/vnd.wap.wml is org.apache.jmeter.protocol.http.parser.RegexpHTMLParser
2025-10-30 17:04:02,216 INFO o.a.j.p.h.s.HTTPSamplerBase: Parser for text/css is org.apache.jmeter.protocol.http.parser.CssParser
2025-10-30 17:04:02,447 INFO o.a.j.JMeter: Creating summariser <summary>
2025-10-30 17:04:02,451 INFO o.a.j.r.d.ReportGenerator: ReportGenerator will use for Parsing the separator: ','
2025-10-30 17:04:02,451 INFO o.a.j.r.d.ReportGenerator: Will generate report at end of test from  results file: ./Results JTL/PGR.jtl
2025-10-30 17:04:02,451 INFO o.a.j.r.d.ReportGenerator: Reading report generator properties from: /home/moolya/Applications/apache-jmeter-5.6.3/bin/reportgenerator.properties
2025-10-30 17:04:02,452 INFO o.a.j.r.d.ReportGenerator: Merging with JMeter properties
2025-10-30 17:04:02,455 INFO o.a.j.r.c.ReportGeneratorConfiguration: Property 'jmeter.reportgenerator.temp_dir' not found, using default value 'temp' instead.
2025-10-30 17:04:02,457 INFO o.a.j.r.c.ReportGeneratorConfiguration: Property 'jmeter.reportgenerator.apdex_per_transaction' not found, using default value 'null' instead.
2025-10-30 17:04:02,457 INFO o.a.j.r.c.ReportGeneratorConfiguration: apdex_per_transaction is empty, not APDEX per transaction customization
2025-10-30 17:04:02,457 INFO o.a.j.r.c.ReportGeneratorConfiguration: Property 'jmeter.reportgenerator.sample_filter' not found, using default value 'null' instead.
2025-10-30 17:04:02,457 INFO o.a.j.r.c.ReportGeneratorConfiguration: Property 'jmeter.reportgenerator.report_title' not found, using default value 'null' instead.
2025-10-30 17:04:02,457 INFO o.a.j.r.c.ReportGeneratorConfiguration: Property 'jmeter.reportgenerator.start_date' not found, using default value 'null' instead.
2025-10-30 17:04:02,458 INFO o.a.j.r.c.ReportGeneratorConfiguration: Property 'jmeter.reportgenerator.end_date' not found, using default value 'null' instead.
2025-10-30 17:04:02,458 INFO o.a.j.r.c.ReportGeneratorConfiguration: Property 'jmeter.reportgenerator.date_format' not found, using default value 'null' instead.
2025-10-30 17:04:02,463 INFO o.a.j.r.c.ReportGeneratorConfiguration: Will use date range start date: null, end date: null
2025-10-30 17:04:02,476 INFO o.a.j.r.c.ReportGeneratorConfiguration: Property 'jmeter.reportgenerator.graph.totalTPS.exclude_controllers' not found, using default value 'false' instead.
2025-10-30 17:04:02,477 INFO o.a.j.r.c.ReportGeneratorConfiguration: Property 'jmeter.reportgenerator.graph.activeThreadsOverTime.exclude_controllers' not found, using default value 'false' instead.
2025-10-30 17:04:02,477 INFO o.a.j.r.c.ReportGeneratorConfiguration: Property 'jmeter.reportgenerator.graph.timeVsThreads.exclude_controllers' not found, using default value 'false' instead.
2025-10-30 17:04:02,477 INFO o.a.j.r.c.ReportGeneratorConfiguration: Property 'jmeter.reportgenerator.graph.responseTimeDistribution.exclude_controllers' not found, using default value 'false' instead.
2025-10-30 17:04:02,477 INFO o.a.j.r.c.ReportGeneratorConfiguration: Property 'jmeter.reportgenerator.graph.transactionsPerSecond.exclude_controllers' not found, using default value 'false' instead.
2025-10-30 17:04:02,477 INFO o.a.j.r.c.ReportGeneratorConfiguration: Property 'jmeter.reportgenerator.graph.responseTimePercentiles.exclude_controllers' not found, using default value 'false' instead.
2025-10-30 17:04:02,479 INFO o.a.j.r.c.ReportGeneratorConfiguration: Property 'jmeter.reportgenerator.graph.responseTimePercentilesOverTime.exclude_controllers' not found, using default value 'false' instead.
2025-10-30 17:04:02,479 INFO o.a.j.r.c.ReportGeneratorConfiguration: Property 'jmeter.reportgenerator.graph.responseTimesOverTime.exclude_controllers' not found, using default value 'false' instead.
2025-10-30 17:04:02,480 INFO o.a.j.r.c.ReportGeneratorConfiguration: Property 'jmeter.reportgenerator.graph.connectTimeOverTime.exclude_controllers' not found, using default value 'false' instead.
2025-10-30 17:04:02,480 INFO o.a.j.r.c.ReportGeneratorConfiguration: Property 'jmeter.reportgenerator.graph.latenciesOverTime.exclude_controllers' not found, using default value 'false' instead.
2025-10-30 17:04:02,481 INFO o.a.j.r.c.ReportGeneratorConfiguration: Property 'jmeter.reportgenerator.exporter.json.filters_only_sample_series' not found, using default value 'true' instead.
2025-10-30 17:04:02,481 INFO o.a.j.r.c.ReportGeneratorConfiguration: Property 'jmeter.reportgenerator.exporter.json.series_filter' not found, using default value '' instead.
2025-10-30 17:04:02,482 INFO o.a.j.r.c.ReportGeneratorConfiguration: Property 'jmeter.reportgenerator.exporter.json.show_controllers_only' not found, using default value 'false' instead.
2025-10-30 17:04:02,482 INFO o.a.j.r.c.ReportGeneratorConfiguration: Property 'jmeter.reportgenerator.exporter.html.filters_only_sample_series' not found, using default value 'true' instead.
2025-10-30 17:04:02,482 INFO o.a.j.r.c.ReportGeneratorConfiguration: Property 'jmeter.reportgenerator.exporter.html.series_filter' not found, using default value '' instead.
2025-10-30 17:04:02,482 INFO o.a.j.r.c.ReportGeneratorConfiguration: Property 'jmeter.reportgenerator.exporter.html.show_controllers_only' not found, using default value 'false' instead.
2025-10-30 17:04:02,504 INFO o.a.j.e.StandardJMeterEngine: Running the test!
2025-10-30 17:04:02,505 INFO o.a.j.s.SampleEvent: List of sample_variables: []
2025-10-30 17:04:02,505 INFO o.a.j.s.SampleEvent: List of sample_variables: []
2025-10-30 17:04:02,511 INFO o.a.j.e.u.CompoundVariable: Note: Function class names must contain the string: '.functions.'
2025-10-30 17:04:02,511 INFO o.a.j.e.u.CompoundVariable: Note: Function class names must not contain the string: '.gui.'
2025-10-30 17:04:02,765 INFO o.a.j.JMeter: Running test (1761824042765)
2025-10-30 17:04:02,766 INFO o.a.j.e.StandardJMeterEngine: Starting setUp thread groups
2025-10-30 17:04:02,766 INFO o.a.j.e.StandardJMeterEngine: Starting setUp ThreadGroup: 1 : setUp Thread Group 
2025-10-30 17:04:02,767 INFO o.a.j.e.StandardJMeterEngine: Starting 1 threads for group setUp Thread Group.
2025-10-30 17:04:02,767 INFO o.a.j.e.StandardJMeterEngine: Thread will continue on error
2025-10-30 17:04:02,767 INFO o.a.j.t.ThreadGroup: Starting thread group... number=1 threads=1 ramp-up=1 delayedStart=false
2025-10-30 17:04:02,772 INFO o.a.j.t.ThreadGroup: Started thread group number 1
2025-10-30 17:04:02,772 INFO o.a.j.e.StandardJMeterEngine: Waiting for all setup thread groups to exit
2025-10-30 17:04:02,773 INFO o.a.j.t.JMeterThread: Thread started: setUp Thread Group 1-1
2025-10-30 17:04:02,788 INFO o.a.j.p.h.s.HTTPHCAbstractImpl: Local host = Gurjeet-Moolya
2025-10-30 17:04:02,793 INFO o.a.j.p.h.s.HTTPHC4Impl: HTTP request retry count = 0
2025-10-30 17:04:02,795 INFO o.a.j.s.SampleResult: Note: Sample TimeStamps are START times
2025-10-30 17:04:02,795 INFO o.a.j.s.SampleResult: sampleresult.default.encoding is set to UTF-8
2025-10-30 17:04:02,795 INFO o.a.j.s.SampleResult: sampleresult.useNanoTime=true
2025-10-30 17:04:02,795 INFO o.a.j.s.SampleResult: sampleresult.nanoThreadSleep=5000
2025-10-30 17:04:02,853 INFO o.a.j.p.h.s.HTTPHC4Impl: Content-Header is set already on the request! Will be replaced by a Multipart-Header. Old headers: [Content-Type: application/x-www-form-urlencoded]
2025-10-30 17:04:02,857 INFO o.a.j.s.FileServer: Stored: /home/moolya/Documents/eGov/Performance-Scripts/mSeva/IMG.jpg
2025-10-30 17:04:03,370 INFO o.a.j.p.h.s.h.LazyLayeredConnectionSocketFactory: Setting up HTTPS TrustAll Socket Factory
2025-10-30 17:04:03,382 INFO o.a.j.u.JsseSSLManager: Using default SSL protocol: TLS
2025-10-30 17:04:03,382 INFO o.a.j.u.JsseSSLManager: SSL session context: per-thread
2025-10-30 17:04:03,513 INFO o.a.j.u.SSLManager: JmeterKeyStore Location:  type JKS
2025-10-30 17:04:03,516 INFO o.a.j.u.SSLManager: KeyStore created OK
2025-10-30 17:04:03,516 WARN o.a.j.u.SSLManager: Keystore file not found, loading empty keystore
2025-10-30 17:04:05,425 INFO o.a.j.r.Summariser: summary +      1 in 00:00:03 =    0.4/s Avg:  2088 Min:  2088 Max:  2088 Err:     0 (0.00%) Active: 1 Started: 1 Finished: 0
2025-10-30 17:04:05,838 INFO o.a.j.t.JMeterThread: Thread is done: setUp Thread Group 1-1
2025-10-30 17:04:05,839 INFO o.a.j.t.JMeterThread: Thread finished: setUp Thread Group 1-1
2025-10-30 17:04:05,842 INFO o.a.j.e.StandardJMeterEngine: All Setup Threads have ended
2025-10-30 17:04:05,882 INFO o.a.j.e.StandardJMeterEngine: Starting ThreadGroup: 1 : Thread Group
2025-10-30 17:04:05,883 INFO o.a.j.e.StandardJMeterEngine: Starting 100 threads for group Thread Group.
2025-10-30 17:04:05,883 INFO o.a.j.e.StandardJMeterEngine: Thread will continue on error
2025-10-30 17:04:05,883 INFO o.a.j.t.ThreadGroup: Starting thread group... number=1 threads=100 ramp-up=1 delayedStart=false
2025-10-30 17:04:05,887 INFO o.a.j.t.JMeterThread: Thread started: Thread Group 1-1
2025-10-30 17:04:05,898 INFO o.a.j.t.JMeterThread: Thread started: Thread Group 1-2
2025-10-30 17:04:05,907 INFO o.a.j.t.JMeterThread: Thread started: Thread Group 1-3
2025-10-30 17:04:05,917 INFO o.a.j.t.JMeterThread: Thread started: Thread Group 1-4
2025-10-30 17:04:05,927 INFO o.a.j.t.JMeterThread: Thread started: Thread Group 1-5
2025-10-30 17:04:05,936 INFO o.a.j.t.JMeterThread: Thread started: Thread Group 1-6
2025-10-30 17:04:05,947 INFO o.a.j.t.JMeterThread: Thread started: Thread Group 1-7
2025-10-30 17:04:05,956 INFO o.a.j.t.JMeterThread: Thread started: Thread Group 1-8
2025-10-30 17:04:05,966 INFO o.a.j.t.JMeterThread: Thread started: Thread Group 1-9
2025-10-30 17:04:05,976 INFO o.a.j.t.JMeterThread: Thread started: Thread Group 1-10
2025-10-30 17:04:05,986 INFO o.a.j.t.JMeterThread: Thread started: Thread Group 1-11
2025-10-30 17:04:05,996 INFO o.a.j.t.JMeterThread: Thread started: Thread Group 1-12
2025-10-30 17:04:06,006 INFO o.a.j.t.JMeterThread: Thread started: Thread Group 1-13
2025-10-30 17:04:06,016 INFO o.a.j.t.JMeterThread: Thread started: Thread Group 1-14
2025-10-30 17:04:06,017 INFO o.a.j.t.ThreadGroup: Started thread group number 1
2025-10-30 17:04:06,017 INFO o.a.j.e.StandardJMeterEngine: All thread groups have been started
2025-10-30 17:04:06,025 INFO o.a.j.t.JMeterThread: Thread started: Thread Group 1-15
2025-10-30 17:04:06,036 INFO o.a.j.t.JMeterThread: Thread started: Thread Group 1-16
2025-10-30 17:04:06,045 INFO o.a.j.t.JMeterThread: Thread started: Thread Group 1-17
2025-10-30 17:04:06,055 INFO o.a.j.t.JMeterThread: Thread started: Thread Group 1-18
2025-10-30 17:04:06,066 INFO o.a.j.t.JMeterThread: Thread started: Thread Group 1-19
2025-10-30 17:04:06,076 INFO o.a.j.t.JMeterThread: Thread started: Thread Group 1-20
2025-10-30 17:04:06,086 INFO o.a.j.t.JMeterThread: Thread started: Thread Group 1-21
2025-10-30 17:04:06,096 INFO o.a.j.t.JMeterThread: Thread started: Thread Group 1-22
2025-10-30 17:04:06,105 INFO o.a.j.t.JMeterThread: Thread started: Thread Group 1-23
2025-10-30 17:04:06,116 INFO o.a.j.t.JMeterThread: Thread started: Thread Group 1-24
2025-10-30 17:04:06,126 INFO o.a.j.t.JMeterThread: Thread started: Thread Group 1-25
2025-10-30 17:04:06,137 INFO o.a.j.t.JMeterThread: Thread started: Thread Group 1-26
2025-10-30 17:04:06,146 INFO o.a.j.t.JMeterThread: Thread started: Thread Group 1-27
2025-10-30 17:04:06,155 INFO o.a.j.t.JMeterThread: Thread started: Thread Group 1-28
2025-10-30 17:04:06,166 INFO o.a.j.t.JMeterThread: Thread started: Thread Group 1-29
2025-10-30 17:04:06,175 INFO o.a.j.t.JMeterThread: Thread started: Thread Group 1-30
2025-10-30 17:04:06,185 INFO o.a.j.t.JMeterThread: Thread started: Thread Group 1-31
2025-10-30 17:04:06,195 INFO o.a.j.t.JMeterThread: Thread started: Thread Group 1-32
2025-10-30 17:04:06,205 INFO o.a.j.t.JMeterThread: Thread started: Thread Group 1-33
2025-10-30 17:04:06,215 INFO o.a.j.t.JMeterThread: Thread started: Thread Group 1-34
2025-10-30 17:04:06,225 INFO o.a.j.t.JMeterThread: Thread started: Thread Group 1-35
2025-10-30 17:04:06,236 INFO o.a.j.t.JMeterThread: Thread started: Thread Group 1-36
2025-10-30 17:04:06,245 INFO o.a.j.t.JMeterThread: Thread started: Thread Group 1-37
2025-10-30 17:04:06,255 INFO o.a.j.t.JMeterThread: Thread started: Thread Group 1-38
2025-10-30 17:04:06,265 INFO o.a.j.t.JMeterThread: Thread started: Thread Group 1-39
2025-10-30 17:04:06,276 INFO o.a.j.t.JMeterThread: Thread started: Thread Group 1-40
2025-10-30 17:04:06,286 INFO o.a.j.t.JMeterThread: Thread started: Thread Group 1-41
2025-10-30 17:04:06,295 INFO o.a.j.t.JMeterThread: Thread started: Thread Group 1-42
2025-10-30 17:04:06,306 INFO o.a.j.t.JMeterThread: Thread started: Thread Group 1-43
2025-10-30 17:04:06,316 INFO o.a.j.t.JMeterThread: Thread started: Thread Group 1-44
2025-10-30 17:04:06,325 INFO o.a.j.t.JMeterThread: Thread started: Thread Group 1-45
2025-10-30 17:04:06,335 INFO o.a.j.t.JMeterThread: Thread started: Thread Group 1-46
2025-10-30 17:04:06,345 INFO o.a.j.t.JMeterThread: Thread started: Thread Group 1-47
2025-10-30 17:04:06,354 INFO o.a.j.t.JMeterThread: Thread started: Thread Group 1-48
2025-10-30 17:04:06,365 INFO o.a.j.t.JMeterThread: Thread started: Thread Group 1-49
2025-10-30 17:04:06,375 INFO o.a.j.t.JMeterThread: Thread started: Thread Group 1-50
2025-10-30 17:04:06,385 INFO o.a.j.t.JMeterThread: Thread started: Thread Group 1-51
2025-10-30 17:04:06,395 INFO o.a.j.t.JMeterThread: Thread started: Thread Group 1-52
2025-10-30 17:04:06,405 INFO o.a.j.t.JMeterThread: Thread started: Thread Group 1-53
2025-10-30 17:04:06,415 INFO o.a.j.t.JMeterThread: Thread started: Thread Group 1-54
2025-10-30 17:04:06,425 INFO o.a.j.t.JMeterThread: Thread started: Thread Group 1-55
2025-10-30 17:04:06,435 INFO o.a.j.t.JMeterThread: Thread started: Thread Group 1-56
2025-10-30 17:04:06,444 INFO o.a.j.t.JMeterThread: Thread started: Thread Group 1-57
2025-10-30 17:04:06,455 INFO o.a.j.t.JMeterThread: Thread started: Thread Group 1-58
2025-10-30 17:04:06,464 INFO o.a.j.t.JMeterThread: Thread started: Thread Group 1-59
2025-10-30 17:04:06,474 INFO o.a.j.t.JMeterThread: Thread started: Thread Group 1-60
2025-10-30 17:04:06,485 INFO o.a.j.t.JMeterThread: Thread started: Thread Group 1-61
2025-10-30 17:04:06,495 INFO o.a.j.t.JMeterThread: Thread started: Thread Group 1-62
2025-10-30 17:04:06,506 INFO o.a.j.t.JMeterThread: Thread started: Thread Group 1-63
2025-10-30 17:04:06,514 INFO o.a.j.t.JMeterThread: Thread started: Thread Group 1-64
2025-10-30 17:04:06,526 INFO o.a.j.t.JMeterThread: Thread started: Thread Group 1-65
2025-10-30 17:04:06,535 INFO o.a.j.t.JMeterThread: Thread started: Thread Group 1-66
2025-10-30 17:04:06,545 INFO o.a.j.t.JMeterThread: Thread started: Thread Group 1-67
2025-10-30 17:04:06,554 INFO o.a.j.t.JMeterThread: Thread started: Thread Group 1-68
2025-10-30 17:04:06,564 INFO o.a.j.t.JMeterThread: Thread started: Thread Group 1-69
2025-10-30 17:04:06,575 INFO o.a.j.t.JMeterThread: Thread started: Thread Group 1-70
2025-10-30 17:04:06,585 INFO o.a.j.t.JMeterThread: Thread started: Thread Group 1-71
2025-10-30 17:04:06,594 INFO o.a.j.t.JMeterThread: Thread started: Thread Group 1-72
2025-10-30 17:04:06,604 INFO o.a.j.t.JMeterThread: Thread started: Thread Group 1-73
2025-10-30 17:04:06,614 INFO o.a.j.t.JMeterThread: Thread started: Thread Group 1-74
2025-10-30 17:04:06,625 INFO o.a.j.t.JMeterThread: Thread started: Thread Group 1-75
2025-10-30 17:04:06,634 INFO o.a.j.t.JMeterThread: Thread started: Thread Group 1-76
2025-10-30 17:04:06,644 INFO o.a.j.t.JMeterThread: Thread started: Thread Group 1-77
2025-10-30 17:04:06,654 INFO o.a.j.t.JMeterThread: Thread started: Thread Group 1-78
2025-10-30 17:04:06,664 INFO o.a.j.t.JMeterThread: Thread started: Thread Group 1-79
2025-10-30 17:04:06,674 INFO o.a.j.t.JMeterThread: Thread started: Thread Group 1-80
2025-10-30 17:04:06,685 INFO o.a.j.t.JMeterThread: Thread started: Thread Group 1-81
2025-10-30 17:04:06,694 INFO o.a.j.t.JMeterThread: Thread started: Thread Group 1-82
2025-10-30 17:04:06,704 INFO o.a.j.t.JMeterThread: Thread started: Thread Group 1-83
2025-10-30 17:04:06,715 INFO o.a.j.t.JMeterThread: Thread started: Thread Group 1-84
2025-10-30 17:04:06,724 INFO o.a.j.t.JMeterThread: Thread started: Thread Group 1-85
2025-10-30 17:04:06,734 INFO o.a.j.t.JMeterThread: Thread started: Thread Group 1-86
2025-10-30 17:04:06,745 INFO o.a.j.t.JMeterThread: Thread started: Thread Group 1-87
2025-10-30 17:04:06,754 INFO o.a.j.t.JMeterThread: Thread started: Thread Group 1-88
2025-10-30 17:04:06,764 INFO o.a.j.t.JMeterThread: Thread started: Thread Group 1-89
2025-10-30 17:04:06,775 INFO o.a.j.t.JMeterThread: Thread started: Thread Group 1-90
2025-10-30 17:04:06,785 INFO o.a.j.t.JMeterThread: Thread started: Thread Group 1-91
2025-10-30 17:04:06,794 INFO o.a.j.t.JMeterThread: Thread started: Thread Group 1-92
2025-10-30 17:04:06,804 INFO o.a.j.t.JMeterThread: Thread started: Thread Group 1-93
2025-10-30 17:04:06,815 INFO o.a.j.t.JMeterThread: Thread started: Thread Group 1-94
2025-10-30 17:04:06,824 INFO o.a.j.t.JMeterThread: Thread started: Thread Group 1-95
2025-10-30 17:04:06,834 INFO o.a.j.t.JMeterThread: Thread started: Thread Group 1-96
2025-10-30 17:04:06,845 INFO o.a.j.t.JMeterThread: Thread started: Thread Group 1-97
2025-10-30 17:04:06,854 INFO o.a.j.t.JMeterThread: Thread started: Thread Group 1-98
2025-10-30 17:04:06,864 INFO o.a.j.t.JMeterThread: Thread started: Thread Group 1-99
2025-10-30 17:04:06,874 INFO o.a.j.t.JMeterThread: Thread started: Thread Group 1-100
2025-10-30 17:04:33,755 INFO o.a.j.r.Summariser: summary +      6 in 00:00:28 =    0.2/s Avg:  7848 Min:   371 Max: 27804 Err:     0 (0.00%) Active: 100 Started: 100 Finished: 0
2025-10-30 17:04:33,755 INFO o.a.j.r.Summariser: summary =      7 in 00:00:31 =    0.2/s Avg:  7025 Min:   371 Max: 27804 Err:     0 (0.00%)
2025-10-30 17:05:05,757 INFO o.a.j.r.Summariser: summary +      9 in 00:00:32 =    0.3/s Avg: 39127 Min: 28206 Max: 59698 Err:     0 (0.00%) Active: 100 Started: 100 Finished: 0
2025-10-30 17:05:05,758 INFO o.a.j.r.Summariser: summary =     16 in 00:01:03 =    0.3/s Avg: 25082 Min:   371 Max: 59698 Err:     0 (0.00%)
2025-10-30 17:05:06,726 INFO o.a.j.t.JMeterThread: Thread is done: Thread Group 1-25
2025-10-30 17:05:06,727 INFO o.a.j.t.JMeterThread: Thread finished: Thread Group 1-25
2025-10-30 17:05:07,750 INFO o.a.j.t.JMeterThread: Thread is done: Thread Group 1-17
2025-10-30 17:05:07,751 INFO o.a.j.t.JMeterThread: Thread finished: Thread Group 1-17
2025-10-30 17:05:07,751 INFO o.a.j.t.JMeterThread: Thread is done: Thread Group 1-21
2025-10-30 17:05:07,751 INFO o.a.j.t.JMeterThread: Thread finished: Thread Group 1-21
2025-10-30 17:05:07,954 INFO o.a.j.t.JMeterThread: Thread is done: Thread Group 1-34
2025-10-30 17:05:07,954 INFO o.a.j.t.JMeterThread: Thread finished: Thread Group 1-34
2025-10-30 17:05:07,954 INFO o.a.j.t.JMeterThread: Thread is done: Thread Group 1-39
2025-10-30 17:05:07,955 INFO o.a.j.t.JMeterThread: Thread finished: Thread Group 1-39
2025-10-30 17:05:08,166 INFO o.a.j.t.JMeterThread: Thread is done: Thread Group 1-26
2025-10-30 17:05:08,167 INFO o.a.j.t.JMeterThread: Thread finished: Thread Group 1-26
2025-10-30 17:05:08,667 INFO o.a.j.t.JMeterThread: Thread is done: Thread Group 1-31
2025-10-30 17:05:08,667 INFO o.a.j.t.JMeterThread: Thread finished: Thread Group 1-31
2025-10-30 17:05:09,681 INFO o.a.j.t.JMeterThread: Thread is done: Thread Group 1-43
2025-10-30 17:05:09,682 INFO o.a.j.t.JMeterThread: Thread finished: Thread Group 1-43
2025-10-30 17:05:09,684 INFO o.a.j.t.JMeterThread: Thread is done: Thread Group 1-47
2025-10-30 17:05:09,684 INFO o.a.j.t.JMeterThread: Thread finished: Thread Group 1-47
2025-10-30 17:05:10,004 INFO o.a.j.t.JMeterThread: Thread is done: Thread Group 1-99
2025-10-30 17:05:10,005 INFO o.a.j.t.JMeterThread: Thread finished: Thread Group 1-99
2025-10-30 17:05:10,005 INFO o.a.j.t.JMeterThread: Thread is done: Thread Group 1-30
2025-10-30 17:05:10,005 INFO o.a.j.t.JMeterThread: Thread is done: Thread Group 1-66
2025-10-30 17:05:10,005 INFO o.a.j.t.JMeterThread: Thread is done: Thread Group 1-93
2025-10-30 17:05:10,005 INFO o.a.j.t.JMeterThread: Thread is done: Thread Group 1-87
2025-10-30 17:05:10,005 INFO o.a.j.t.JMeterThread: Thread finished: Thread Group 1-66
2025-10-30 17:05:10,005 INFO o.a.j.t.JMeterThread: Thread finished: Thread Group 1-93
2025-10-30 17:05:10,005 INFO o.a.j.t.JMeterThread: Thread finished: Thread Group 1-87
2025-10-30 17:05:10,005 INFO o.a.j.t.JMeterThread: Thread is done: Thread Group 1-97
2025-10-30 17:05:10,005 INFO o.a.j.t.JMeterThread: Thread finished: Thread Group 1-30
2025-10-30 17:05:10,006 INFO o.a.j.t.JMeterThread: Thread is done: Thread Group 1-88
2025-10-30 17:05:10,006 INFO o.a.j.t.JMeterThread: Thread finished: Thread Group 1-97
2025-10-30 17:05:10,006 INFO o.a.j.t.JMeterThread: Thread finished: Thread Group 1-88
2025-10-30 17:05:10,160 INFO o.a.j.t.JMeterThread: Thread is done: Thread Group 1-70
2025-10-30 17:05:10,160 INFO o.a.j.t.JMeterThread: Thread finished: Thread Group 1-70
2025-10-30 17:05:10,160 INFO o.a.j.t.JMeterThread: Thread is done: Thread Group 1-85
2025-10-30 17:05:10,161 INFO o.a.j.t.JMeterThread: Thread finished: Thread Group 1-85
2025-10-30 17:05:10,167 INFO o.a.j.t.JMeterThread: Thread is done: Thread Group 1-84
2025-10-30 17:05:10,167 INFO o.a.j.t.JMeterThread: Thread finished: Thread Group 1-84
2025-10-30 17:05:10,167 INFO o.a.j.t.JMeterThread: Thread is done: Thread Group 1-51
2025-10-30 17:05:10,168 INFO o.a.j.t.JMeterThread: Thread finished: Thread Group 1-51
2025-10-30 17:05:10,177 INFO o.a.j.t.JMeterThread: Thread is done: Thread Group 1-86
2025-10-30 17:05:10,177 INFO o.a.j.t.JMeterThread: Thread finished: Thread Group 1-86
2025-10-30 17:05:10,177 INFO o.a.j.t.JMeterThread: Thread is done: Thread Group 1-59
2025-10-30 17:05:10,177 INFO o.a.j.t.JMeterThread: Thread is done: Thread Group 1-50
2025-10-30 17:05:10,177 INFO o.a.j.t.JMeterThread: Thread finished: Thread Group 1-59
2025-10-30 17:05:10,177 INFO o.a.j.t.JMeterThread: Thread finished: Thread Group 1-50
2025-10-30 17:05:10,720 INFO o.a.j.t.JMeterThread: Thread is done: Thread Group 1-81
2025-10-30 17:05:10,721 INFO o.a.j.t.JMeterThread: Thread is done: Thread Group 1-76
2025-10-30 17:05:10,721 INFO o.a.j.t.JMeterThread: Thread is done: Thread Group 1-92
2025-10-30 17:05:10,721 INFO o.a.j.t.JMeterThread: Thread is done: Thread Group 1-74
2025-10-30 17:05:10,721 INFO o.a.j.t.JMeterThread: Thread finished: Thread Group 1-81
2025-10-30 17:05:10,721 INFO o.a.j.t.JMeterThread: Thread finished: Thread Group 1-76
2025-10-30 17:05:10,721 INFO o.a.j.t.JMeterThread: Thread finished: Thread Group 1-92
2025-10-30 17:05:10,721 INFO o.a.j.t.JMeterThread: Thread finished: Thread Group 1-74
2025-10-30 17:05:11,641 INFO o.a.j.t.JMeterThread: Thread is done: Thread Group 1-94
2025-10-30 17:05:11,641 INFO o.a.j.t.JMeterThread: Thread is done: Thread Group 1-71
2025-10-30 17:05:11,641 INFO o.a.j.t.JMeterThread: Thread finished: Thread Group 1-94
2025-10-30 17:05:11,641 INFO o.a.j.t.JMeterThread: Thread finished: Thread Group 1-71
2025-10-30 17:05:11,644 INFO o.a.j.t.JMeterThread: Thread is done: Thread Group 1-60
2025-10-30 17:05:11,644 INFO o.a.j.t.JMeterThread: Thread is done: Thread Group 1-55
2025-10-30 17:05:11,644 INFO o.a.j.t.JMeterThread: Thread finished: Thread Group 1-60
2025-10-30 17:05:11,644 INFO o.a.j.t.JMeterThread: Thread finished: Thread Group 1-55
2025-10-30 17:05:11,677 INFO o.a.j.t.JMeterThread: Thread is done: Thread Group 1-64
2025-10-30 17:05:11,678 INFO o.a.j.t.JMeterThread: Thread finished: Thread Group 1-64
2025-10-30 17:05:13,589 INFO o.a.j.t.JMeterThread: Thread is done: Thread Group 1-62
2025-10-30 17:05:13,589 INFO o.a.j.t.JMeterThread: Thread finished: Thread Group 1-62
2025-10-30 17:05:13,593 INFO o.a.j.t.JMeterThread: Thread is done: Thread Group 1-72
2025-10-30 17:05:13,593 INFO o.a.j.t.JMeterThread: Thread finished: Thread Group 1-72
2025-10-30 17:05:13,596 INFO o.a.j.t.JMeterThread: Thread is done: Thread Group 1-67
2025-10-30 17:05:13,596 INFO o.a.j.t.JMeterThread: Thread finished: Thread Group 1-67
2025-10-30 17:05:13,660 INFO o.a.j.t.JMeterThread: Thread is done: Thread Group 1-82
2025-10-30 17:05:13,661 INFO o.a.j.t.JMeterThread: Thread finished: Thread Group 1-82
2025-10-30 17:05:17,682 INFO o.a.j.t.JMeterThread: Thread is done: Thread Group 1-58
2025-10-30 17:05:17,683 INFO o.a.j.t.JMeterThread: Thread is done: Thread Group 1-63
2025-10-30 17:05:17,683 INFO o.a.j.t.JMeterThread: Thread finished: Thread Group 1-58
2025-10-30 17:05:17,683 INFO o.a.j.t.JMeterThread: Thread finished: Thread Group 1-63
2025-10-30 17:05:17,887 INFO o.a.j.t.JMeterThread: Thread is done: Thread Group 1-79
2025-10-30 17:05:17,887 INFO o.a.j.t.JMeterThread: Thread finished: Thread Group 1-79
2025-10-30 17:05:25,571 INFO o.a.j.t.JMeterThread: Thread is done: Thread Group 1-89
2025-10-30 17:05:25,571 INFO o.a.j.t.JMeterThread: Thread finished: Thread Group 1-89
2025-10-30 17:05:25,874 INFO o.a.j.t.JMeterThread: Thread is done: Thread Group 1-91
2025-10-30 17:05:25,874 INFO o.a.j.t.JMeterThread: Thread finished: Thread Group 1-91
2025-10-30 17:05:30,693 INFO o.a.j.r.Summariser: summary +    101 in 00:00:25 =    4.1/s Avg: 57808 Min: 19639 Max: 79086 Err:    41 (40.59%) Active: 59 Started: 100 Finished: 41
2025-10-30 17:05:30,694 INFO o.a.j.r.Summariser: summary =    117 in 00:01:28 =    1.3/s Avg: 53332 Min:   371 Max: 79086 Err:    41 (35.04%)
2025-10-30 17:05:41,234 INFO o.a.j.t.JMeterThread: Thread is done: Thread Group 1-54
2025-10-30 17:05:41,234 INFO o.a.j.t.JMeterThread: Thread finished: Thread Group 1-54
2025-10-30 17:05:41,746 INFO o.a.j.t.JMeterThread: Thread is done: Thread Group 1-78
2025-10-30 17:05:41,746 INFO o.a.j.t.JMeterThread: Thread finished: Thread Group 1-78
2025-10-30 17:06:00,417 INFO o.a.j.r.Summariser: summary +     44 in 00:00:30 =    1.5/s Avg: 39844 Min: 15929 Max: 95089 Err:     2 (4.55%) Active: 57 Started: 100 Finished: 43
2025-10-30 17:06:00,418 INFO o.a.j.r.Summariser: summary =    161 in 00:01:58 =    1.4/s Avg: 49646 Min:   371 Max: 95089 Err:    43 (26.71%)
2025-10-30 17:06:02,330 INFO o.a.j.t.JMeterThread: Thread is done: Thread Group 1-3
2025-10-30 17:06:02,331 INFO o.a.j.t.JMeterThread: Thread finished: Thread Group 1-3
2025-10-30 17:06:07,960 INFO o.a.j.t.JMeterThread: Thread is done: Thread Group 1-5
2025-10-30 17:06:07,961 INFO o.a.j.t.JMeterThread: Thread finished: Thread Group 1-5
2025-10-30 17:06:12,978 INFO o.a.j.t.JMeterThread: Thread is done: Thread Group 1-95
2025-10-30 17:06:12,979 INFO o.a.j.t.JMeterThread: Thread finished: Thread Group 1-95
2025-10-30 17:06:24,372 INFO o.a.j.t.JMeterThread: Thread is done: Thread Group 1-6
2025-10-30 17:06:24,372 INFO o.a.j.t.JMeterThread: Thread finished: Thread Group 1-6
2025-10-30 17:06:24,375 INFO o.a.j.t.JMeterThread: Thread is done: Thread Group 1-24
2025-10-30 17:06:24,375 INFO o.a.j.t.JMeterThread: Thread finished: Thread Group 1-24
2025-10-30 17:06:29,976 INFO o.a.j.t.JMeterThread: Thread is done: Thread Group 1-13
2025-10-30 17:06:29,977 INFO o.a.j.t.JMeterThread: Thread finished: Thread Group 1-13
2025-10-30 17:06:30,284 INFO o.a.j.t.JMeterThread: Thread is done: Thread Group 1-68
2025-10-30 17:06:30,284 INFO o.a.j.t.JMeterThread: Thread finished: Thread Group 1-68
2025-10-30 17:06:30,285 INFO o.a.j.t.JMeterThread: Thread is done: Thread Group 1-83
2025-10-30 17:06:30,285 INFO o.a.j.t.JMeterThread: Thread finished: Thread Group 1-83
2025-10-30 17:06:30,284 INFO o.a.j.r.Summariser: summary +     40 in 00:00:30 =    1.3/s Avg: 41985 Min: 22352 Max: 126151 Err:     1 (2.50%) Active: 51 Started: 100 Finished: 49
2025-10-30 17:06:30,285 INFO o.a.j.t.JMeterThread: Thread is done: Thread Group 1-45
2025-10-30 17:06:30,284 INFO o.a.j.t.JMeterThread: Thread is done: Thread Group 1-32
2025-10-30 17:06:30,286 INFO o.a.j.t.JMeterThread: Thread finished: Thread Group 1-45
2025-10-30 17:06:30,286 INFO o.a.j.t.JMeterThread: Thread finished: Thread Group 1-32
2025-10-30 17:06:30,286 INFO o.a.j.r.Summariser: summary =    201 in 00:02:28 =    1.4/s Avg: 48122 Min:   371 Max: 126151 Err:    44 (21.89%)
2025-10-30 17:06:30,453 INFO o.a.j.t.JMeterThread: Thread is done: Thread Group 1-1
2025-10-30 17:06:30,453 INFO o.a.j.t.JMeterThread: Thread finished: Thread Group 1-1
2025-10-30 17:06:30,462 INFO o.a.j.t.JMeterThread: Thread is done: Thread Group 1-8
2025-10-30 17:06:30,462 INFO o.a.j.t.JMeterThread: Thread finished: Thread Group 1-8
2025-10-30 17:06:30,465 INFO o.a.j.t.JMeterThread: Thread is done: Thread Group 1-10
2025-10-30 17:06:30,465 INFO o.a.j.t.JMeterThread: Thread is done: Thread Group 1-96
2025-10-30 17:06:30,465 INFO o.a.j.t.JMeterThread: Thread finished: Thread Group 1-10
2025-10-30 17:06:30,465 INFO o.a.j.t.JMeterThread: Thread finished: Thread Group 1-96
2025-10-30 17:06:30,465 INFO o.a.j.t.JMeterThread: Thread is done: Thread Group 1-49
2025-10-30 17:06:30,466 INFO o.a.j.t.JMeterThread: Thread finished: Thread Group 1-49
2025-10-30 17:06:30,466 INFO o.a.j.t.JMeterThread: Thread is done: Thread Group 1-80
2025-10-30 17:06:30,466 INFO o.a.j.t.JMeterThread: Thread finished: Thread Group 1-80
2025-10-30 17:06:30,467 INFO o.a.j.t.JMeterThread: Thread is done: Thread Group 1-28
2025-10-30 17:06:30,467 INFO o.a.j.t.JMeterThread: Thread finished: Thread Group 1-28
2025-10-30 17:06:30,919 INFO o.a.j.t.JMeterThread: Thread is done: Thread Group 1-42
2025-10-30 17:06:30,919 INFO o.a.j.t.JMeterThread: Thread finished: Thread Group 1-42
2025-10-30 17:06:31,615 INFO o.a.j.t.JMeterThread: Thread is done: Thread Group 1-4
2025-10-30 17:06:31,615 INFO o.a.j.t.JMeterThread: Thread finished: Thread Group 1-4
2025-10-30 17:06:31,616 INFO o.a.j.t.JMeterThread: Thread is done: Thread Group 1-27
2025-10-30 17:06:31,616 INFO o.a.j.t.JMeterThread: Thread finished: Thread Group 1-27
2025-10-30 17:06:31,874 INFO o.a.j.t.JMeterThread: Thread is done: Thread Group 1-9
2025-10-30 17:06:31,874 INFO o.a.j.t.JMeterThread: Thread finished: Thread Group 1-9
2025-10-30 17:06:32,332 INFO o.a.j.t.JMeterThread: Thread is done: Thread Group 1-2
2025-10-30 17:06:32,332 INFO o.a.j.t.JMeterThread: Thread finished: Thread Group 1-2
2025-10-30 17:06:33,563 INFO o.a.j.t.JMeterThread: Thread is done: Thread Group 1-12
2025-10-30 17:06:33,563 INFO o.a.j.t.JMeterThread: Thread finished: Thread Group 1-12
2025-10-30 17:06:33,711 INFO o.a.j.t.JMeterThread: Thread is done: Thread Group 1-100
2025-10-30 17:06:33,711 INFO o.a.j.t.JMeterThread: Thread finished: Thread Group 1-100
2025-10-30 17:06:34,585 INFO o.a.j.t.JMeterThread: Thread is done: Thread Group 1-52
2025-10-30 17:06:34,585 INFO o.a.j.t.JMeterThread: Thread is done: Thread Group 1-56
2025-10-30 17:06:34,585 INFO o.a.j.t.JMeterThread: Thread finished: Thread Group 1-52
2025-10-30 17:06:34,585 INFO o.a.j.t.JMeterThread: Thread finished: Thread Group 1-56
2025-10-30 17:06:35,008 INFO o.a.j.t.JMeterThread: Thread is done: Thread Group 1-19
2025-10-30 17:06:35,009 INFO o.a.j.t.JMeterThread: Thread finished: Thread Group 1-19
2025-10-30 17:06:35,012 INFO o.a.j.t.JMeterThread: Thread is done: Thread Group 1-44
2025-10-30 17:06:35,012 INFO o.a.j.t.JMeterThread: Thread finished: Thread Group 1-44
2025-10-30 17:06:36,837 INFO o.a.j.t.JMeterThread: Thread is done: Thread Group 1-46
2025-10-30 17:06:36,838 INFO o.a.j.t.JMeterThread: Thread finished: Thread Group 1-46
2025-10-30 17:06:37,492 INFO o.a.j.t.JMeterThread: Thread is done: Thread Group 1-7
2025-10-30 17:06:37,492 INFO o.a.j.t.JMeterThread: Thread finished: Thread Group 1-7
2025-10-30 17:06:37,632 INFO o.a.j.t.JMeterThread: Thread is done: Thread Group 1-18
2025-10-30 17:06:37,632 INFO o.a.j.t.JMeterThread: Thread finished: Thread Group 1-18
2025-10-30 17:06:37,679 INFO o.a.j.t.JMeterThread: Thread is done: Thread Group 1-57
2025-10-30 17:06:37,679 INFO o.a.j.t.JMeterThread: Thread is done: Thread Group 1-77
2025-10-30 17:06:37,679 INFO o.a.j.t.JMeterThread: Thread finished: Thread Group 1-57
2025-10-30 17:06:37,679 INFO o.a.j.t.JMeterThread: Thread is done: Thread Group 1-36
2025-10-30 17:06:37,679 INFO o.a.j.t.JMeterThread: Thread finished: Thread Group 1-77
2025-10-30 17:06:37,679 INFO o.a.j.t.JMeterThread: Thread finished: Thread Group 1-36
2025-10-30 17:06:38,170 INFO o.a.j.t.JMeterThread: Thread is done: Thread Group 1-38
2025-10-30 17:06:38,170 INFO o.a.j.t.JMeterThread: Thread finished: Thread Group 1-38
2025-10-30 17:06:38,242 INFO o.a.j.t.JMeterThread: Thread is done: Thread Group 1-75
2025-10-30 17:06:38,242 INFO o.a.j.t.JMeterThread: Thread finished: Thread Group 1-75
2025-10-30 17:06:38,790 INFO o.a.j.t.JMeterThread: Thread is done: Thread Group 1-20
2025-10-30 17:06:38,791 INFO o.a.j.t.JMeterThread: Thread finished: Thread Group 1-20
2025-10-30 17:06:39,091 INFO o.a.j.t.JMeterThread: Thread is done: Thread Group 1-65
2025-10-30 17:06:39,091 INFO o.a.j.t.JMeterThread: Thread finished: Thread Group 1-65
2025-10-30 17:06:39,125 INFO o.a.j.t.JMeterThread: Thread is done: Thread Group 1-69
2025-10-30 17:06:39,125 INFO o.a.j.t.JMeterThread: Thread finished: Thread Group 1-69
2025-10-30 17:06:39,602 INFO o.a.j.t.JMeterThread: Thread is done: Thread Group 1-48
2025-10-30 17:06:39,602 INFO o.a.j.t.JMeterThread: Thread finished: Thread Group 1-48
2025-10-30 17:06:46,157 INFO o.a.j.t.JMeterThread: Thread is done: Thread Group 1-15
2025-10-30 17:06:46,157 INFO o.a.j.t.JMeterThread: Thread is done: Thread Group 1-90
2025-10-30 17:06:46,157 INFO o.a.j.t.JMeterThread: Thread is done: Thread Group 1-22
2025-10-30 17:06:46,158 INFO o.a.j.t.JMeterThread: Thread is done: Thread Group 1-98
2025-10-30 17:06:46,158 INFO o.a.j.t.JMeterThread: Thread finished: Thread Group 1-90
2025-10-30 17:06:46,158 INFO o.a.j.t.JMeterThread: Thread is done: Thread Group 1-53
2025-10-30 17:06:46,158 INFO o.a.j.t.JMeterThread: Thread finished: Thread Group 1-53
2025-10-30 17:06:46,158 INFO o.a.j.t.JMeterThread: Thread finished: Thread Group 1-15
2025-10-30 17:06:46,157 INFO o.a.j.t.JMeterThread: Thread is done: Thread Group 1-35
2025-10-30 17:06:46,158 INFO o.a.j.t.JMeterThread: Thread finished: Thread Group 1-98
2025-10-30 17:06:46,158 INFO o.a.j.t.JMeterThread: Thread finished: Thread Group 1-35
2025-10-30 17:06:46,159 INFO o.a.j.t.JMeterThread: Thread finished: Thread Group 1-22
2025-10-30 17:07:08,582 INFO o.a.j.t.JMeterThread: Thread is done: Thread Group 1-16
2025-10-30 17:07:08,582 INFO o.a.j.t.JMeterThread: Thread finished: Thread Group 1-16
2025-10-30 17:07:08,888 INFO o.a.j.t.JMeterThread: Thread is done: Thread Group 1-14
2025-10-30 17:07:08,888 INFO o.a.j.t.JMeterThread: Thread is done: Thread Group 1-33
2025-10-30 17:07:08,888 INFO o.a.j.t.JMeterThread: Thread finished: Thread Group 1-14
2025-10-30 17:07:08,888 INFO o.a.j.t.JMeterThread: Thread finished: Thread Group 1-33
2025-10-30 17:07:09,310 INFO o.a.j.t.JMeterThread: Thread is done: Thread Group 1-23
2025-10-30 17:07:09,310 INFO o.a.j.t.JMeterThread: Thread is done: Thread Group 1-40
2025-10-30 17:07:09,311 INFO o.a.j.t.JMeterThread: Thread finished: Thread Group 1-23
2025-10-30 17:07:09,311 INFO o.a.j.t.JMeterThread: Thread finished: Thread Group 1-40
2025-10-30 17:07:09,688 INFO o.a.j.t.JMeterThread: Thread is done: Thread Group 1-11
2025-10-30 17:07:09,688 INFO o.a.j.t.JMeterThread: Thread is done: Thread Group 1-61
2025-10-30 17:07:09,688 INFO o.a.j.t.JMeterThread: Thread finished: Thread Group 1-11
2025-10-30 17:07:09,688 INFO o.a.j.t.JMeterThread: Thread finished: Thread Group 1-61
2025-10-30 17:07:10,071 INFO o.a.j.t.JMeterThread: Thread is done: Thread Group 1-37
2025-10-30 17:07:10,071 INFO o.a.j.t.JMeterThread: Thread finished: Thread Group 1-37
2025-10-30 17:07:10,428 INFO o.a.j.t.JMeterThread: Thread is done: Thread Group 1-29
2025-10-30 17:07:10,428 INFO o.a.j.t.JMeterThread: Thread finished: Thread Group 1-29
2025-10-30 17:07:10,673 INFO o.a.j.t.JMeterThread: Thread is done: Thread Group 1-41
2025-10-30 17:07:10,673 INFO o.a.j.t.JMeterThread: Thread finished: Thread Group 1-41
2025-10-30 17:07:10,937 INFO o.a.j.t.JMeterThread: Thread is done: Thread Group 1-73
2025-10-30 17:07:10,937 INFO o.a.j.t.JMeterThread: Thread finished: Thread Group 1-73
2025-10-30 17:07:10,938 INFO o.a.j.e.StandardJMeterEngine: Notifying test listeners of end of test
2025-10-30 17:07:10,944 INFO o.a.j.r.Summariser: summary +     69 in 00:00:41 =    1.7/s Avg: 28590 Min:  1153 Max: 59253 Err:    13 (18.84%) Active: 0 Started: 100 Finished: 100
2025-10-30 17:07:10,944 INFO o.a.j.r.Summariser: summary =    270 in 00:03:08 =    1.4/s Avg: 43130 Min:   371 Max: 126151 Err:    57 (21.11%)
2025-10-30 17:07:10,945 INFO o.a.j.JMeter: Generating Dashboard
2025-10-30 17:07:10,945 INFO o.a.j.r.d.ReportGenerator: Flushing result collector before report Generation
2025-10-30 17:07:10,964 INFO o.a.j.r.p.NormalizerSampleConsumer: Using format, 'ms', to parse timeStamp field
2025-10-30 17:07:11,096 INFO o.a.j.r.p.AbstractSampleConsumer: class org.apache.jmeter.report.processor.AggregateConsumer#stopProducing(): beginDate produced 0 samples
2025-10-30 17:07:11,096 INFO o.a.j.r.p.AbstractSampleConsumer: class org.apache.jmeter.report.processor.AggregateConsumer#stopProducing(): endDate produced 0 samples
2025-10-30 17:07:11,098 INFO o.a.j.r.p.AbstractSampleConsumer: class org.apache.jmeter.report.processor.ApdexSummaryConsumer#stopProducing(): apdexSummary produced 0 samples
2025-10-30 17:07:11,098 INFO o.a.j.r.p.AbstractSampleConsumer: class org.apache.jmeter.report.processor.RequestsSummaryConsumer#stopProducing(): requestsSummary produced 0 samples
2025-10-30 17:07:11,101 INFO o.a.j.r.p.AbstractSampleConsumer: class org.apache.jmeter.report.processor.StatisticsSummaryConsumer#stopProducing(): statisticsSummary produced 0 samples
2025-10-30 17:07:11,103 INFO o.a.j.r.p.AbstractSampleConsumer: class org.apache.jmeter.report.processor.Top5ErrorsBySamplerConsumer#stopProducing(): top5ErrorsBySampler produced 0 samples
2025-10-30 17:07:11,103 INFO o.a.j.r.p.AbstractSampleConsumer: class org.apache.jmeter.report.processor.ErrorsSummaryConsumer#stopProducing(): errorsSummary produced 0 samples
2025-10-30 17:07:11,103 INFO o.a.j.r.p.AbstractSampleConsumer: class org.apache.jmeter.report.processor.graph.impl.HitsPerSecondGraphConsumer#stopProducing(): hitsPerSecond produced 0 samples
2025-10-30 17:07:11,119 INFO o.a.j.r.p.AbstractSampleConsumer: class org.apache.jmeter.report.processor.graph.impl.LatencyVSRequestGraphConsumer#stopProducing(): latencyVsRequest produced 0 samples
2025-10-30 17:07:11,120 INFO o.a.j.r.p.AbstractSampleConsumer: class org.apache.jmeter.report.processor.graph.impl.SyntheticResponseTimeDistributionGraphConsumer#stopProducing(): syntheticResponseTimeDistribution produced 0 samples
2025-10-30 17:07:11,120 INFO o.a.j.r.p.AbstractSampleConsumer: class org.apache.jmeter.report.processor.graph.impl.BytesThroughputGraphConsumer#stopProducing(): bytesThroughputOverTime produced 0 samples
2025-10-30 17:07:11,120 INFO o.a.j.r.p.AbstractSampleConsumer: class org.apache.jmeter.report.processor.graph.impl.CodesPerSecondGraphConsumer#stopProducing(): codesPerSecond produced 0 samples
2025-10-30 17:07:11,126 INFO o.a.j.r.p.AbstractSampleConsumer: class org.apache.jmeter.report.processor.graph.impl.ResponseTimeVSRequestGraphConsumer#stopProducing(): responseTimeVsRequest produced 0 samples
2025-10-30 17:07:11,127 INFO o.a.j.r.p.AbstractSampleConsumer: class org.apache.jmeter.report.processor.FilterConsumer#stopProducing(): startIntervalControlerFilter produced 1897 samples
2025-10-30 17:07:11,127 INFO o.a.j.r.p.AbstractSampleConsumer: class org.apache.jmeter.report.processor.graph.impl.TotalTPSGraphConsumer#stopProducing(): totalTPS produced 0 samples
2025-10-30 17:07:11,127 INFO o.a.j.r.p.AbstractSampleConsumer: class org.apache.jmeter.report.processor.graph.impl.ActiveThreadsGraphConsumer#stopProducing(): activeThreadsOverTime produced 0 samples
2025-10-30 17:07:11,127 INFO o.a.j.r.p.AbstractSampleConsumer: class org.apache.jmeter.report.processor.graph.impl.TimeVSThreadGraphConsumer#stopProducing(): timeVsThreads produced 0 samples
2025-10-30 17:07:11,127 INFO o.a.j.r.p.AbstractSampleConsumer: class org.apache.jmeter.report.processor.graph.impl.ResponseTimeDistributionGraphConsumer#stopProducing(): responseTimeDistribution produced 0 samples
2025-10-30 17:07:11,128 INFO o.a.j.r.p.AbstractSampleConsumer: class org.apache.jmeter.report.processor.graph.impl.TransactionsPerSecondGraphConsumer#stopProducing(): transactionsPerSecond produced 0 samples
2025-10-30 17:07:11,128 INFO o.a.j.r.p.AbstractSampleConsumer: class org.apache.jmeter.report.processor.graph.impl.ResponseTimePercentilesGraphConsumer#stopProducing(): responseTimePercentiles produced 0 samples
2025-10-30 17:07:11,133 INFO o.a.j.r.p.AbstractSampleConsumer: class org.apache.jmeter.report.processor.graph.impl.ResponseTimePercentilesOverTimeGraphConsumer#stopProducing(): responseTimePercentilesOverTime produced 0 samples
2025-10-30 17:07:11,133 INFO o.a.j.r.p.AbstractSampleConsumer: class org.apache.jmeter.report.processor.graph.impl.ResponseTimeOverTimeGraphConsumer#stopProducing(): responseTimesOverTime produced 0 samples
2025-10-30 17:07:11,133 INFO o.a.j.r.p.AbstractSampleConsumer: class org.apache.jmeter.report.processor.graph.impl.ConnectTimeOverTimeGraphConsumer#stopProducing(): connectTimeOverTime produced 0 samples
2025-10-30 17:07:11,133 INFO o.a.j.r.p.AbstractSampleConsumer: class org.apache.jmeter.report.processor.graph.impl.LatencyOverTimeGraphConsumer#stopProducing(): latenciesOverTime produced 0 samples
2025-10-30 17:07:11,133 INFO o.a.j.r.p.AbstractSampleConsumer: class org.apache.jmeter.report.processor.FilterConsumer#stopProducing(): nameFilter produced 5565 samples
2025-10-30 17:07:11,133 INFO o.a.j.r.p.AbstractSampleConsumer: class org.apache.jmeter.report.processor.FilterConsumer#stopProducing(): dateRangeFilter produced 1113 samples
2025-10-30 17:07:11,133 INFO o.a.j.r.p.AbstractSampleConsumer: class org.apache.jmeter.report.processor.NormalizerSampleConsumer#stopProducing(): normalizer produced 371 samples
2025-10-30 17:07:11,134 INFO o.a.j.r.p.CsvFileSampleSource: produce(): 371 samples produced in 127ms on channel 0
2025-10-30 17:07:11,134 INFO o.a.j.r.d.ReportGenerator: Exporting data using exporter:'json' of className:'org.apache.jmeter.report.dashboard.JsonExporter'
2025-10-30 17:07:11,206 INFO o.a.j.r.d.JsonExporter: Found data for consumer statisticsSummary in context
2025-10-30 17:07:11,206 INFO o.a.j.r.d.JsonExporter: Creating statistics for overall
2025-10-30 17:07:11,206 INFO o.a.j.r.d.JsonExporter: Creating statistics for other transactions
2025-10-30 17:07:11,207 INFO o.a.j.r.d.JsonExporter: Checking output folder
2025-10-30 17:07:11,207 INFO o.a.j.r.d.JsonExporter: Writing statistics JSON to /home/moolya/Documents/eGov/Performance-Scripts/mSeva/./ReportsFolder/statistics.json
2025-10-30 17:07:11,245 INFO o.a.j.r.d.ReportGenerator: Exporting data using exporter:'html' of className:'org.apache.jmeter.report.dashboard.HtmlTemplateExporter'
2025-10-30 17:07:11,247 INFO o.a.j.r.d.HtmlTemplateExporter: Will generate dashboard in folder: /home/moolya/Documents/eGov/Performance-Scripts/mSeva/./ReportsFolder
2025-10-30 17:07:11,388 INFO o.a.j.r.d.HtmlTemplateExporter: Report will be generated in: /home/moolya/Documents/eGov/Performance-Scripts/mSeva/./ReportsFolder, creating folder structure
2025-10-30 17:07:11,390 INFO o.a.j.r.d.TemplateVisitor: Copying folder from '/home/moolya/Applications/apache-jmeter-5.6.3/bin/report-template' to '/home/moolya/Documents/eGov/Performance-Scripts/mSeva/./ReportsFolder', got message: /home/moolya/Documents/eGov/Performance-Scripts/mSeva/./ReportsFolder, found non empty folder with following content [/home/moolya/Documents/eGov/Performance-Scripts/mSeva/./ReportsFolder/statistics.json], will be ignored
2025-10-30 17:07:11,559 INFO o.a.j.JMeter: Dashboard generated
